main.c:88:5:main	8	static
main.c:140:6:SystemClock_Config	88	static
main.c:184:13:MX_CRC_Init	8	static
main.c:210:13:MX_DMA2D_Init	8	static
main.c:247:13:MX_I2C3_Init	8	static
main.c:293:13:MX_LTDC_Init	64	static
main.c:355:13:MX_SPI5_Init	8	static
main.c:393:13:MX_TIM1_Init	32	static
main.c:439:13:MX_UART7_Init	8	static
main.c:468:13:MX_FMC_Init	40	static
main.c:519:13:MX_GPIO_Init	64	static
main.c:633:6:HAL_TIM_PeriodElapsedCallback	16	static
main.c:650:6:Error_Handler	4	static,ignoring_inline_asm
